Circuit: .title ReLu Test

WARNING: Less than two connections to node OUT.  This node is used by R1.
WARNING: Less than two connections to node 1.  This node is used by D1.
Direct Newton iteration for .op point succeeded.
Semiconductor Device Operating Points:
                        --- Diodes ---
Name:      d1
Model:   d_ideal
Id:      0.00e+00
Vd:      0.00e+00
Req:     1.00e+00
CAP:     0.00e+00


Operating Bias Point Solution:
V(in)                 10   voltage
V(out)                 10   voltage
V()                  0   voltage
I(D1)                  0   device_current
I(R1)                  0   device_current
I(Vinput)                  0   device_current


Date: Fri Sep  9 14:22:00 2022
Total elapsed time: 0.000 seconds.

tnom = 27
temp = 27
method = trap
totiter = 3
traniter = 0
tranpoints = 0
accept = 0
rejected = 0
matrix size = 4
fillins = 0
solver = Normal
Matrix Compiler1:       6 opcodes
Matrix Compiler2: 202 object code size
